test/frontend/type-checker/classes/ambiguous-simple.pu:4:1: ambiguous type variable in constraint C _1
