test/frontend/type-checker/classes/unsat-simple-inst.pu:9:1: cannot deduce C a from context
