test/frontend/type-checker/classes/unsat-simple-poly.pu:4:1: cannot solve constraint C a in context ()
