test/frontend/type-checker/classes/unsat-sub-mono.pu:6:1: cannot solve constraint D a in context (C a)
