test/frontend/type-checker/classes/unsat-nested-poly.pu:4:1: cannot solve constraint C a in context ()
