192262039210

Steps  :   5806632471
Allocs :    124641340          (Checks:     99702071)
GC runs:            7
        1.85 real         1.51 user         0.31 sys
