2
1
0
2
1
0
2
1
0

Steps  :        15172
Allocs :          397          (Checks:          314)
GC runs:            0
        0.00 real         0.00 user         0.00 sys
