59359

Steps  :   6918425398
Allocs :    108735539          (Checks:    108671970)
GC runs:            6
        2.28 real         2.01 user         0.26 sys
