test/frontend/pattern-matcher/no-rule-nested.pu:9:3: cannot apply constructor rule
