test/frontend/pattern-matcher/not-exhaust-simple.pu:4:3: unmatched constructor: Second
