test/frontend/pattern-matcher/not-exhaust-nested.pu:7:3: unmatched constructor: Second
