test/frontend/pattern-matcher/overlap-nested.pu:5:3: overlapping patterns
