test/frontend/pattern-matcher/overlap-simple.pu:4:3: overlapping patterns
