test/frontend/pattern-matcher/too-simple-var.pu:5:5:
unexpected 'y'
expecting data constructor

