test/frontend/type-checker/term-con/arg-flip-in-expr.pu:3:1: mismatching types a and b
