test/frontend/type-checker/term-con/bad-type-in-patn.pu:3:1: mismatching types a and b
