test/frontend/type-checker/term-con/over-app-in-expr.pu:3:7: mismatching types T and (->) _1
