test/frontend/type-checker/term-con/under-app-in-patn.pu:3:7: data constructor 'C' expects 2 arguments
