test/frontend/kind-checker/occurs.pu:2:5: occurs check
