test/frontend/kind-checker/under-app-rec.pu:1:16: cannot unify kinds _3 -> * and *
