test/frontend/renamer/unknown/extn-defn-without-decl.pu:1:10: undeclared function: f
