test/frontend/renamer/unknown/term-con-in-pattern.pu:4:5: unknown data constructor: Con
