test/frontend/renamer/unknown/term-var-in-expr.pu:2:7: unknown variable: g
