test/frontend/renamer/unknown/type-var-in-type-defn.pu:1:14: unknown type variable: b
