test/frontend/renamer/unknown/type-in-func-decl.pu:1:8: unknown type constructor: Typ
