test/frontend/type-checker/general/no-over-generalization.pu:6:5: mismatching types Int and Bool
