test/frontend/type-checker/general/rigid-type-var-two.pu:2:1: mismatching types b and a
