test/frontend/renamer/duplicate/func-defn.pu:3:1: duplicate definition of function: f
