test/frontend/renamer/duplicate/term-con-in-two.pu:4:5: duplicate data constructor: Con
