test/frontend/renamer/duplicate/term-con-in-one.pu:3:5: duplicate data constructor: Con
