data Unit =
       | Unit
data Bool =
       | False
       | True
data Pair a b =
       | Pair a b
data Option a =
       | None
       | Some a
data Choice a b =
       | First a
       | Second b
data Eq a =
       | .Eq (a -> a -> Bool)
data Ord a =
       | .Ord (Eq a) (a -> a -> Bool) (a -> a -> Bool) (a -> a -> Bool) (a -> a -> Bool)
data Monoid m =
       | .Monoid m (m -> m -> m)
data Ring a =
       | .Ring (a -> a) (a -> a -> a) (a -> a -> a) (a -> a -> a)
data Char
data Functor f =
       | .Functor (forall a b. (a -> b) -> f a -> f b)
data Foldable t =
       | .Foldable (forall a b. (a -> b -> b) -> b -> t a -> b) (forall a b. (b -> a -> b) -> b -> t a -> b)
data List a =
       | Nil
       | Cons a (List a)
data Monad m =
       | .Monad (Functor m) (forall a. a -> m a) (forall a b. m a -> (a -> m b) -> m b)
data World
data IO a = World -> Pair a World
external le_int :: Int -> Int -> Bool = "le"
external sub_int :: Int -> Int -> Int = "sub"
external mul_int :: Int -> Int -> Int = "mul"
external mod :: Int -> Int -> Int = "mod"
external seq :: forall a b. a -> b -> b = "seq"
external puti :: Int -> Unit = "puti"
external geti :: Unit -> Int = "geti"
functorIO :: Functor IO = .Functor @IO functorIO.map.L2
monadIO :: Monad IO =
  .Monad @IO functorIO monadIO.pure.L2 monadIO.bind.L2
print :: Int -> IO Unit = io.L2 @Int @Unit puti
input :: IO Int = coerce @(_ -> IO) (io.L1 @Unit @Int geti Unit)
main :: IO Unit =
  coerce @(_ -> IO) (monadIO.bind.L1 @Int @Unit input main.L2)
foldableList.foldr.L1 :: forall a b. (a -> b -> b) -> b -> List a -> b =
  \@a @b (f :: a -> b -> b) (y0 :: b) (xs :: List a) ->
    case xs of
    | Nil -> y0
    | Cons x xs -> f x (foldableList.foldr.L1 @a @b f y0 xs)
take.L1 :: forall a. Int -> List a -> List a =
  \@a (n :: Int) (xs :: List a) ->
    case le_int n 0 of
    | False ->
      case xs of
      | Nil -> Nil @a
      | Cons x xs -> Cons @a x (take.L1 @a (sub_int n 1) xs)
    | True -> Nil @a
semi.L1 :: forall a m. m a -> Unit -> m a =
  \@a @m (m2 :: m a) (x :: Unit) -> m2
semi.L2 :: forall a m. Monad m -> m Unit -> m a -> m a =
  \@a @m (monad.m :: Monad m) (m1 :: m Unit) (m2 :: m a) ->
    (case monad.m of
     | .Monad _ _ bind -> bind)
      @Unit @a m1 (semi.L1 @a @m m2)
traverse_.L1 :: forall a m. Monad m -> (a -> m Unit) -> a -> m Unit -> m Unit =
  \@a @m (monad.m :: Monad m) (f :: a -> m Unit) (x :: a) ->
    semi.L2 @Unit @m monad.m (f x)
functorIO.map.L1 :: forall a b. (a -> b) -> IO a -> World -> Pair b World =
  \@a @b (f :: a -> b) (mx :: IO a) (world0 :: World) ->
    case coerce @(IO -> _) mx world0 of
    | Pair x world1 -> Pair @b @World (f x) world1
functorIO.map.L2 :: forall a b. (a -> b) -> IO a -> IO b =
  \@a @b (f :: a -> b) (mx :: IO a) ->
    coerce @(_ -> IO) (functorIO.map.L1 @a @b f mx)
monadIO.pure.L2 :: forall a. a -> IO a =
  \@a (x :: a) -> coerce @(_ -> IO) (Pair @a @World x)
monadIO.bind.L1 :: forall a b. IO a -> (a -> IO b) -> World -> Pair b World =
  \@a @b (mx :: IO a) (f :: a -> IO b) (world0 :: World) ->
    case coerce @(IO -> _) mx world0 of
    | Pair x world1 -> coerce @(IO -> _) (f x) world1
monadIO.bind.L2 :: forall a b. IO a -> (a -> IO b) -> IO b =
  \@a @b (mx :: IO a) (f :: a -> IO b) ->
    coerce @(_ -> IO) (monadIO.bind.L1 @a @b mx f)
io.L1 :: forall a b. (a -> b) -> a -> World -> Pair b World =
  \@a @b (f :: a -> b) (x :: a) (world :: World) ->
    let y :: b = f x in
    seq @b @(Pair b World) y (Pair @b @World y world)
io.L2 :: forall a b. (a -> b) -> a -> IO b =
  \@a @b (f :: a -> b) (x :: a) ->
    coerce @(_ -> IO) (io.L1 @a @b f x)
gen.L1 :: forall a. (a -> a) -> a -> List a =
  \@a (f :: a -> a) (x :: a) -> Cons @a x (gen.L1 @a f (f x))
main.L1 :: Int -> Int =
  \(x :: Int) -> mod (mul_int 91 x) 1000000007
main.L2 :: Int -> IO Unit =
  \(n :: Int) ->
    let m1 :: IO Unit = print n in
    let m2 :: IO Unit =
          foldableList.foldr.L1
            @Int
            @(IO Unit)
            (traverse_.L1 @Int @IO monadIO print)
            (coerce @(_ -> IO) (Pair @Unit @World Unit))
            (take.L1 @Int n (gen.L1 @Int main.L1 1))
    in
    let f :: Unit -> IO Unit = semi.L1 @Unit @IO m2 in
    coerce @(_ -> IO) (monadIO.bind.L1 @Unit @Unit m1 f)
================================================================================
asm le
asm sub
asm mul
asm mod
asm seq
asm puti
asm geti
let functorIO = Pack{0,1} @functorIO.map.L2
let monadIO =
  Pack{0,3} @functorIO @monadIO.pure.L2 @monadIO.bind.L2
let print = @io.L2 $puti
let input = @io.L1 $geti Pack{0,0}
let main = @monadIO.bind.L1 @input @main.L2
let foldableList.foldr.L1 f y0 xs =
  match xs[1] with
  | {0} -> y0[2]
  | {1} x xs -> f[5] x[2] (@foldableList.foldr.L1 f[5] y0[4] xs[1])
let take.L1 n xs =
  match $le n[2] 0 with
  | {0} ->
    match xs[1] with
    | {0} -> Pack{0,0}
    | {1} x xs -> Pack{1,2} x[2] (@take.L1 ($sub n[4] 1) xs[1])
  | {1} -> Pack{0,0}
let semi.L1 m2 x = m2[2]
let semi.L2 monad.m m1 m2 =
  (match monad.m[3] with
   | {0} _ _ bind -> bind[1]) m1[2] (@semi.L1 m2[1])
let traverse_.L1 monad.m f x = @semi.L2 monad.m[3] (f[2] x[1])
let functorIO.map.L1 f mx world0 =
  match mx[2] world0[1] with
  | {0} x world1 -> Pack{0,2} (f[5] x[2]) world1[1]
let functorIO.map.L2 f mx = @functorIO.map.L1 f[2] mx[1]
let monadIO.pure.L2 x = Pack{0,2} x[1]
let monadIO.bind.L1 mx f world0 =
  match mx[3] world0[1] with
  | {0} x world1 -> (f[4] x[2]) world1[1]
let monadIO.bind.L2 mx f = @monadIO.bind.L1 mx[2] f[1]
let io.L1 f x world =
  let y = f[3] x[2] in
  $seq y[1] (Pack{0,2} y[1] world[2])
let io.L2 f x = @io.L1 f[2] x[1]
let gen.L1 f x = Pack{1,2} x[1] (@gen.L1 f[2] (f[2] x[1]))
let main.L1 x = $mod ($mul 91 x[1]) 1000000007
let main.L2 n =
  let m1 = @print n[1] in
  let m2 =
        @foldableList.foldr.L1 (@traverse_.L1 @monadIO @print) (Pack{0,2} Pack{0,0}) (@take.L1 n[2] (@gen.L1 @main.L1 1))
  in
  let f = @semi.L1 m2[1] in
  @monadIO.bind.L1 m1[3] f[1]
